This is pdfTeX, Version 3.14159265-2.6-1.40.18 (TeX Live 2017/Debian) (preloaded format=pdflatex 2018.11.3)  12 NOV 2018 22:33
entering extended mode
 restricted \write18 enabled.
 %&-line parsing enabled.
**report.tex
(./report.tex
LaTeX2e <2017-04-15>
Babel <3.18> and hyphenation patterns for 5 language(s) loaded.
(/usr/share/texlive/texmf-dist/tex/latex/base/article.cls
Document Class: article 2014/09/29 v1.4h Standard LaTeX document class
(/usr/share/texlive/texmf-dist/tex/latex/base/size12.clo
File: size12.clo 2014/09/29 v1.4h Standard LaTeX file (size option)
)
\c@part=\count79
\c@section=\count80
\c@subsection=\count81
\c@subsubsection=\count82
\c@paragraph=\count83
\c@subparagraph=\count84
\c@figure=\count85
\c@table=\count86
\abovecaptionskip=\skip41
\belowcaptionskip=\skip42
\bibindent=\dimen102
)
(/usr/share/texlive/texmf-dist/tex/generic/babel/babel.sty
Package: babel 2018/02/14 3.18 The Babel package

(/usr/share/texlive/texmf-dist/tex/generic/babel/switch.def
File: switch.def 2018/02/14 3.18 Babel switching mechanism
)
(/usr/share/texlive/texmf-dist/tex/generic/babel-english/english.ldf
Language: english 2017/06/06 v3.3r English support from the babel system

(/usr/share/texlive/texmf-dist/tex/generic/babel/babel.def
File: babel.def 2018/02/14 3.18 Babel common definitions
\babel@savecnt=\count87
\U@D=\dimen103

(/usr/share/texlive/texmf-dist/tex/generic/babel/txtbabel.def)
\bbl@dirlevel=\count88
)
\l@canadian = a dialect from \language\l@american 
\l@australian = a dialect from \language\l@british 
\l@newzealand = a dialect from \language\l@british 
))
(/usr/share/texlive/texmf-dist/tex/latex/base/inputenc.sty
Package: inputenc 2015/03/17 v1.2c Input encoding file
\inpenc@prehook=\toks14
\inpenc@posthook=\toks15

(/usr/share/texlive/texmf-dist/tex/latex/ucs/utf8x.def
File: utf8x.def 2004/10/17 UCS: Input encoding UTF-8
))
(/usr/share/texlive/texmf-dist/tex/latex/ucs/ucs.sty
Package: ucs 2013/05/11 v2.2 UCS: Unicode input support

(/usr/share/texlive/texmf-dist/tex/latex/ucs/data/uni-global.def
File: uni-global.def 2013/05/13 UCS: Unicode global data
)
\uc@secondtry=\count89
\uc@combtoks=\toks16
\uc@combtoksb=\toks17
\uc@temptokena=\toks18
)
(/usr/share/texlive/texmf-dist/tex/latex/natbib/natbib.sty
Package: natbib 2010/09/13 8.31b (PWD, AO)
\bibhang=\skip43
\bibsep=\skip44
LaTeX Info: Redefining \cite on input line 694.
\c@NAT@ctr=\count90
)
(/usr/share/texlive/texmf-dist/tex/latex/amsmath/amsmath.sty
Package: amsmath 2017/09/02 v2.17a AMS math features
\@mathmargin=\skip45

For additional information on amsmath, use the `?' option.
(/usr/share/texlive/texmf-dist/tex/latex/amsmath/amstext.sty
Package: amstext 2000/06/29 v2.01 AMS text

(/usr/share/texlive/texmf-dist/tex/latex/amsmath/amsgen.sty
File: amsgen.sty 1999/11/30 v2.0 generic functions
\@emptytoks=\toks19
\ex@=\dimen104
))
(/usr/share/texlive/texmf-dist/tex/latex/amsmath/amsbsy.sty
Package: amsbsy 1999/11/29 v1.2d Bold Symbols
\pmbraise@=\dimen105
)
(/usr/share/texlive/texmf-dist/tex/latex/amsmath/amsopn.sty
Package: amsopn 2016/03/08 v2.02 operator names
)
\inf@bad=\count91
LaTeX Info: Redefining \frac on input line 213.
\uproot@=\count92
\leftroot@=\count93
LaTeX Info: Redefining \overline on input line 375.
\classnum@=\count94
\DOTSCASE@=\count95
LaTeX Info: Redefining \ldots on input line 472.
LaTeX Info: Redefining \dots on input line 475.
LaTeX Info: Redefining \cdots on input line 596.
\Mathstrutbox@=\box26
\strutbox@=\box27
\big@size=\dimen106
LaTeX Font Info:    Redeclaring font encoding OML on input line 712.
LaTeX Font Info:    Redeclaring font encoding OMS on input line 713.
\macc@depth=\count96
\c@MaxMatrixCols=\count97
\dotsspace@=\muskip10
\c@parentequation=\count98
\dspbrk@lvl=\count99
\tag@help=\toks20
\row@=\count100
\column@=\count101
\maxfields@=\count102
\andhelp@=\toks21
\eqnshift@=\dimen107
\alignsep@=\dimen108
\tagshift@=\dimen109
\tagwidth@=\dimen110
\totwidth@=\dimen111
\lineht@=\dimen112
\@envbody=\toks22
\multlinegap=\skip46
\multlinetaggap=\skip47
\mathdisplay@stack=\toks23
LaTeX Info: Redefining \[ on input line 2817.
LaTeX Info: Redefining \] on input line 2818.
)
(/usr/share/texlive/texmf-dist/tex/latex/graphics/graphicx.sty
Package: graphicx 2017/06/01 v1.1a Enhanced LaTeX Graphics (DPC,SPQR)

(/usr/share/texlive/texmf-dist/tex/latex/graphics/keyval.sty
Package: keyval 2014/10/28 v1.15 key=value parser (DPC)
\KV@toks@=\toks24
)
(/usr/share/texlive/texmf-dist/tex/latex/graphics/graphics.sty
Package: graphics 2017/06/25 v1.2c Standard LaTeX Graphics (DPC,SPQR)

(/usr/share/texlive/texmf-dist/tex/latex/graphics/trig.sty
Package: trig 2016/01/03 v1.10 sin cos tan (DPC)
)
(/usr/share/texlive/texmf-dist/tex/latex/graphics-cfg/graphics.cfg
File: graphics.cfg 2016/06/04 v1.11 sample graphics configuration
)
Package graphics Info: Driver file: pdftex.def on input line 99.

(/usr/share/texlive/texmf-dist/tex/latex/graphics-def/pdftex.def
File: pdftex.def 2018/01/08 v1.0l Graphics/color driver for pdftex
))
\Gin@req@height=\dimen113
\Gin@req@width=\dimen114
)
(/usr/share/texlive/texmf-dist/tex/latex/todonotes/todonotes.sty
Package: todonotes 2015/07/09 .dtx Todonotes source and documentation.
Package: todonotes 2012/07/25

(/usr/share/texlive/texmf-dist/tex/latex/base/ifthen.sty
Package: ifthen 2014/09/29 v1.1c Standard LaTeX ifthen package (DPC)
)
(/usr/share/texlive/texmf-dist/tex/latex/xkeyval/xkeyval.sty
Package: xkeyval 2014/12/03 v2.7a package option processing (HA)

(/usr/share/texlive/texmf-dist/tex/generic/xkeyval/xkeyval.tex
(/usr/share/texlive/texmf-dist/tex/generic/xkeyval/xkvutils.tex
\XKV@toks=\toks25
\XKV@tempa@toks=\toks26
)
\XKV@depth=\count103
File: xkeyval.tex 2014/12/03 v2.7a key=value parser (HA)
))
(/usr/share/texlive/texmf-dist/tex/latex/xcolor/xcolor.sty
Package: xcolor 2016/05/11 v2.12 LaTeX color extensions (UK)

(/usr/share/texlive/texmf-dist/tex/latex/graphics-cfg/color.cfg
File: color.cfg 2016/01/02 v1.6 sample color configuration
)
Package xcolor Info: Driver file: pdftex.def on input line 225.
Package xcolor Info: Model `cmy' substituted by `cmy0' on input line 1348.
Package xcolor Info: Model `hsb' substituted by `rgb' on input line 1352.
Package xcolor Info: Model `RGB' extended on input line 1364.
Package xcolor Info: Model `HTML' substituted by `rgb' on input line 1366.
Package xcolor Info: Model `Hsb' substituted by `hsb' on input line 1367.
Package xcolor Info: Model `tHsb' substituted by `hsb' on input line 1368.
Package xcolor Info: Model `HSB' substituted by `hsb' on input line 1369.
Package xcolor Info: Model `Gray' substituted by `gray' on input line 1370.
Package xcolor Info: Model `wave' substituted by `hsb' on input line 1371.
)
(/usr/share/texlive/texmf-dist/tex/latex/pgf/frontendlayer/tikz.sty
(/usr/share/texlive/texmf-dist/tex/latex/pgf/basiclayer/pgf.sty
(/usr/share/texlive/texmf-dist/tex/latex/pgf/utilities/pgfrcs.sty
(/usr/share/texlive/texmf-dist/tex/generic/pgf/utilities/pgfutil-common.tex
\pgfutil@everybye=\toks27
\pgfutil@tempdima=\dimen115
\pgfutil@tempdimb=\dimen116

(/usr/share/texlive/texmf-dist/tex/generic/pgf/utilities/pgfutil-common-lists.t
ex)) (/usr/share/texlive/texmf-dist/tex/generic/pgf/utilities/pgfutil-latex.def
\pgfutil@abb=\box28
(/usr/share/texlive/texmf-dist/tex/latex/ms/everyshi.sty
Package: everyshi 2001/05/15 v3.00 EveryShipout Package (MS)
))
(/usr/share/texlive/texmf-dist/tex/generic/pgf/utilities/pgfrcs.code.tex
Package: pgfrcs 2015/08/07 v3.0.1a (rcs-revision 1.31)
))
Package: pgf 2015/08/07 v3.0.1a (rcs-revision 1.15)

(/usr/share/texlive/texmf-dist/tex/latex/pgf/basiclayer/pgfcore.sty
(/usr/share/texlive/texmf-dist/tex/latex/pgf/systemlayer/pgfsys.sty
(/usr/share/texlive/texmf-dist/tex/generic/pgf/systemlayer/pgfsys.code.tex
Package: pgfsys 2014/07/09 v3.0.1a (rcs-revision 1.48)

(/usr/share/texlive/texmf-dist/tex/generic/pgf/utilities/pgfkeys.code.tex
\pgfkeys@pathtoks=\toks28
\pgfkeys@temptoks=\toks29

(/usr/share/texlive/texmf-dist/tex/generic/pgf/utilities/pgfkeysfiltered.code.t
ex
\pgfkeys@tmptoks=\toks30
))
\pgf@x=\dimen117
\pgf@y=\dimen118
\pgf@xa=\dimen119
\pgf@ya=\dimen120
\pgf@xb=\dimen121
\pgf@yb=\dimen122
\pgf@xc=\dimen123
\pgf@yc=\dimen124
\w@pgf@writea=\write3
\r@pgf@reada=\read1
\c@pgf@counta=\count104
\c@pgf@countb=\count105
\c@pgf@countc=\count106
\c@pgf@countd=\count107
\t@pgf@toka=\toks31
\t@pgf@tokb=\toks32
\t@pgf@tokc=\toks33
 (/usr/share/texlive/texmf-dist/tex/generic/pgf/systemlayer/pgf.cfg
File: pgf.cfg 2008/05/14  (rcs-revision 1.7)
)
Driver file for pgf: pgfsys-pdftex.def

(/usr/share/texlive/texmf-dist/tex/generic/pgf/systemlayer/pgfsys-pdftex.def
File: pgfsys-pdftex.def 2014/10/11  (rcs-revision 1.35)

(/usr/share/texlive/texmf-dist/tex/generic/pgf/systemlayer/pgfsys-common-pdf.de
f
File: pgfsys-common-pdf.def 2013/10/10  (rcs-revision 1.13)
)))
(/usr/share/texlive/texmf-dist/tex/generic/pgf/systemlayer/pgfsyssoftpath.code.
tex
File: pgfsyssoftpath.code.tex 2013/09/09  (rcs-revision 1.9)
\pgfsyssoftpath@smallbuffer@items=\count108
\pgfsyssoftpath@bigbuffer@items=\count109
)
(/usr/share/texlive/texmf-dist/tex/generic/pgf/systemlayer/pgfsysprotocol.code.
tex
File: pgfsysprotocol.code.tex 2006/10/16  (rcs-revision 1.4)
))
(/usr/share/texlive/texmf-dist/tex/generic/pgf/basiclayer/pgfcore.code.tex
Package: pgfcore 2010/04/11 v3.0.1a (rcs-revision 1.7)

(/usr/share/texlive/texmf-dist/tex/generic/pgf/math/pgfmath.code.tex
(/usr/share/texlive/texmf-dist/tex/generic/pgf/math/pgfmathcalc.code.tex
(/usr/share/texlive/texmf-dist/tex/generic/pgf/math/pgfmathutil.code.tex)
(/usr/share/texlive/texmf-dist/tex/generic/pgf/math/pgfmathparser.code.tex
\pgfmath@dimen=\dimen125
\pgfmath@count=\count110
\pgfmath@box=\box29
\pgfmath@toks=\toks34
\pgfmath@stack@operand=\toks35
\pgfmath@stack@operation=\toks36
)
(/usr/share/texlive/texmf-dist/tex/generic/pgf/math/pgfmathfunctions.code.tex
(/usr/share/texlive/texmf-dist/tex/generic/pgf/math/pgfmathfunctions.basic.code
.tex)
(/usr/share/texlive/texmf-dist/tex/generic/pgf/math/pgfmathfunctions.trigonomet
ric.code.tex)
(/usr/share/texlive/texmf-dist/tex/generic/pgf/math/pgfmathfunctions.random.cod
e.tex)
(/usr/share/texlive/texmf-dist/tex/generic/pgf/math/pgfmathfunctions.comparison
.code.tex)
(/usr/share/texlive/texmf-dist/tex/generic/pgf/math/pgfmathfunctions.base.code.
tex)
(/usr/share/texlive/texmf-dist/tex/generic/pgf/math/pgfmathfunctions.round.code
.tex)
(/usr/share/texlive/texmf-dist/tex/generic/pgf/math/pgfmathfunctions.misc.code.
tex)
(/usr/share/texlive/texmf-dist/tex/generic/pgf/math/pgfmathfunctions.integerari
thmetics.code.tex)))
(/usr/share/texlive/texmf-dist/tex/generic/pgf/math/pgfmathfloat.code.tex
\c@pgfmathroundto@lastzeros=\count111
))
(/usr/share/texlive/texmf-dist/tex/generic/pgf/basiclayer/pgfcorepoints.code.te
x
File: pgfcorepoints.code.tex 2013/10/07  (rcs-revision 1.27)
\pgf@picminx=\dimen126
\pgf@picmaxx=\dimen127
\pgf@picminy=\dimen128
\pgf@picmaxy=\dimen129
\pgf@pathminx=\dimen130
\pgf@pathmaxx=\dimen131
\pgf@pathminy=\dimen132
\pgf@pathmaxy=\dimen133
\pgf@xx=\dimen134
\pgf@xy=\dimen135
\pgf@yx=\dimen136
\pgf@yy=\dimen137
\pgf@zx=\dimen138
\pgf@zy=\dimen139
)
(/usr/share/texlive/texmf-dist/tex/generic/pgf/basiclayer/pgfcorepathconstruct.
code.tex
File: pgfcorepathconstruct.code.tex 2013/10/07  (rcs-revision 1.29)
\pgf@path@lastx=\dimen140
\pgf@path@lasty=\dimen141
)
(/usr/share/texlive/texmf-dist/tex/generic/pgf/basiclayer/pgfcorepathusage.code
.tex
File: pgfcorepathusage.code.tex 2014/11/02  (rcs-revision 1.24)
\pgf@shorten@end@additional=\dimen142
\pgf@shorten@start@additional=\dimen143
)
(/usr/share/texlive/texmf-dist/tex/generic/pgf/basiclayer/pgfcorescopes.code.te
x
File: pgfcorescopes.code.tex 2015/05/08  (rcs-revision 1.46)
\pgfpic=\box30
\pgf@hbox=\box31
\pgf@layerbox@main=\box32
\pgf@picture@serial@count=\count112
)
(/usr/share/texlive/texmf-dist/tex/generic/pgf/basiclayer/pgfcoregraphicstate.c
ode.tex
File: pgfcoregraphicstate.code.tex 2014/11/02  (rcs-revision 1.12)
\pgflinewidth=\dimen144
)
(/usr/share/texlive/texmf-dist/tex/generic/pgf/basiclayer/pgfcoretransformation
s.code.tex
File: pgfcoretransformations.code.tex 2015/08/07  (rcs-revision 1.20)
\pgf@pt@x=\dimen145
\pgf@pt@y=\dimen146
\pgf@pt@temp=\dimen147
)
(/usr/share/texlive/texmf-dist/tex/generic/pgf/basiclayer/pgfcorequick.code.tex
File: pgfcorequick.code.tex 2008/10/09  (rcs-revision 1.3)
)
(/usr/share/texlive/texmf-dist/tex/generic/pgf/basiclayer/pgfcoreobjects.code.t
ex
File: pgfcoreobjects.code.tex 2006/10/11  (rcs-revision 1.2)
)
(/usr/share/texlive/texmf-dist/tex/generic/pgf/basiclayer/pgfcorepathprocessing
.code.tex
File: pgfcorepathprocessing.code.tex 2013/09/09  (rcs-revision 1.9)
)
(/usr/share/texlive/texmf-dist/tex/generic/pgf/basiclayer/pgfcorearrows.code.te
x
File: pgfcorearrows.code.tex 2015/05/14  (rcs-revision 1.43)
\pgfarrowsep=\dimen148
)
(/usr/share/texlive/texmf-dist/tex/generic/pgf/basiclayer/pgfcoreshade.code.tex
File: pgfcoreshade.code.tex 2013/07/15  (rcs-revision 1.15)
\pgf@max=\dimen149
\pgf@sys@shading@range@num=\count113
)
(/usr/share/texlive/texmf-dist/tex/generic/pgf/basiclayer/pgfcoreimage.code.tex
File: pgfcoreimage.code.tex 2013/07/15  (rcs-revision 1.18)

(/usr/share/texlive/texmf-dist/tex/generic/pgf/basiclayer/pgfcoreexternal.code.
tex
File: pgfcoreexternal.code.tex 2014/07/09  (rcs-revision 1.21)
\pgfexternal@startupbox=\box33
))
(/usr/share/texlive/texmf-dist/tex/generic/pgf/basiclayer/pgfcorelayers.code.te
x
File: pgfcorelayers.code.tex 2013/07/18  (rcs-revision 1.7)
)
(/usr/share/texlive/texmf-dist/tex/generic/pgf/basiclayer/pgfcoretransparency.c
ode.tex
File: pgfcoretransparency.code.tex 2013/09/30  (rcs-revision 1.5)
)
(/usr/share/texlive/texmf-dist/tex/generic/pgf/basiclayer/pgfcorepatterns.code.
tex
File: pgfcorepatterns.code.tex 2013/11/07  (rcs-revision 1.5)
)))
(/usr/share/texlive/texmf-dist/tex/generic/pgf/modules/pgfmoduleshapes.code.tex
File: pgfmoduleshapes.code.tex 2014/03/21  (rcs-revision 1.35)
\pgfnodeparttextbox=\box34
) (/usr/share/texlive/texmf-dist/tex/generic/pgf/modules/pgfmoduleplot.code.tex
File: pgfmoduleplot.code.tex 2015/08/03  (rcs-revision 1.13)
)
(/usr/share/texlive/texmf-dist/tex/latex/pgf/compatibility/pgfcomp-version-0-65
.sty
Package: pgfcomp-version-0-65 2007/07/03 v3.0.1a (rcs-revision 1.7)
\pgf@nodesepstart=\dimen150
\pgf@nodesepend=\dimen151
)
(/usr/share/texlive/texmf-dist/tex/latex/pgf/compatibility/pgfcomp-version-1-18
.sty
Package: pgfcomp-version-1-18 2007/07/23 v3.0.1a (rcs-revision 1.1)
)) (/usr/share/texlive/texmf-dist/tex/latex/pgf/utilities/pgffor.sty
(/usr/share/texlive/texmf-dist/tex/latex/pgf/utilities/pgfkeys.sty
(/usr/share/texlive/texmf-dist/tex/generic/pgf/utilities/pgfkeys.code.tex))
(/usr/share/texlive/texmf-dist/tex/latex/pgf/math/pgfmath.sty
(/usr/share/texlive/texmf-dist/tex/generic/pgf/math/pgfmath.code.tex))
(/usr/share/texlive/texmf-dist/tex/generic/pgf/utilities/pgffor.code.tex
Package: pgffor 2013/12/13 v3.0.1a (rcs-revision 1.25)

(/usr/share/texlive/texmf-dist/tex/generic/pgf/math/pgfmath.code.tex)
\pgffor@iter=\dimen152
\pgffor@skip=\dimen153
\pgffor@stack=\toks37
\pgffor@toks=\toks38
))
(/usr/share/texlive/texmf-dist/tex/generic/pgf/frontendlayer/tikz/tikz.code.tex
Package: tikz 2015/08/07 v3.0.1a (rcs-revision 1.151)

(/usr/share/texlive/texmf-dist/tex/generic/pgf/libraries/pgflibraryplothandlers
.code.tex
File: pgflibraryplothandlers.code.tex 2013/08/31 v3.0.1a (rcs-revision 1.20)
\pgf@plot@mark@count=\count114
\pgfplotmarksize=\dimen154
)
\tikz@lastx=\dimen155
\tikz@lasty=\dimen156
\tikz@lastxsaved=\dimen157
\tikz@lastysaved=\dimen158
\tikzleveldistance=\dimen159
\tikzsiblingdistance=\dimen160
\tikz@figbox=\box35
\tikz@figbox@bg=\box36
\tikz@tempbox=\box37
\tikz@tempbox@bg=\box38
\tikztreelevel=\count115
\tikznumberofchildren=\count116
\tikznumberofcurrentchild=\count117
\tikz@fig@count=\count118

(/usr/share/texlive/texmf-dist/tex/generic/pgf/modules/pgfmodulematrix.code.tex
File: pgfmodulematrix.code.tex 2013/09/17  (rcs-revision 1.8)
\pgfmatrixcurrentrow=\count119
\pgfmatrixcurrentcolumn=\count120
\pgf@matrix@numberofcolumns=\count121
)
\tikz@expandcount=\count122

(/usr/share/texlive/texmf-dist/tex/generic/pgf/frontendlayer/tikz/libraries/tik
zlibrarytopaths.code.tex
File: tikzlibrarytopaths.code.tex 2008/06/17 v3.0.1a (rcs-revision 1.2)
)))
(/usr/share/texlive/texmf-dist/tex/generic/pgf/frontendlayer/tikz/libraries/tik
zlibrarypositioning.code.tex
File: tikzlibrarypositioning.code.tex 2008/10/06 v3.0.1a (rcs-revision 1.7)
)
(/usr/share/texlive/texmf-dist/tex/latex/tools/calc.sty
Package: calc 2014/10/28 v4.3 Infix arithmetic (KKT,FJ)
\calc@Acount=\count123
\calc@Bcount=\count124
\calc@Adimen=\dimen161
\calc@Bdimen=\dimen162
\calc@Askip=\skip48
\calc@Bskip=\skip49
LaTeX Info: Redefining \setlength on input line 80.
LaTeX Info: Redefining \addtolength on input line 81.
\calc@Ccount=\count125
\calc@Cskip=\skip50
)
\c@@todonotes@numberoftodonotes=\count126
)
(/usr/share/texlive/texmf-dist/tex/latex/listings/listings.sty
\lst@mode=\count127
\lst@gtempboxa=\box39
\lst@token=\toks39
\lst@length=\count128
\lst@currlwidth=\dimen163
\lst@column=\count129
\lst@pos=\count130
\lst@lostspace=\dimen164
\lst@width=\dimen165
\lst@newlines=\count131
\lst@lineno=\count132
\lst@maxwidth=\dimen166

(/usr/share/texlive/texmf-dist/tex/latex/listings/lstmisc.sty
File: lstmisc.sty 2015/06/04 1.6 (Carsten Heinz)
\c@lstnumber=\count133
\lst@skipnumbers=\count134
\lst@framebox=\box40
)
(/usr/share/texlive/texmf-dist/tex/latex/listings/listings.cfg
File: listings.cfg 2015/06/04 1.6 listings configuration
))
Package: listings 2015/06/04 1.6 (Carsten Heinz)

(/usr/share/texlive/texmf-dist/tex/latex/titlesec/titlesec.sty
Package: titlesec 2016/03/21 v2.10.2 Sectioning titles
\ttl@box=\box41
\beforetitleunit=\skip51
\aftertitleunit=\skip52
\ttl@plus=\dimen167
\ttl@minus=\dimen168
\ttl@toksa=\toks40
\titlewidth=\dimen169
\titlewidthlast=\dimen170
\titlewidthfirst=\dimen171
)
(/usr/share/texlive/texmf-dist/tex/latex/url/url.sty
\Urlmuskip=\muskip11
Package: url 2013/09/16  ver 3.4  Verb mode for urls, etc.
) (./report.aux

LaTeX Warning: Label `fig:colorfulylfspatial' multiply defined.


LaTeX Warning: Label `fig:drawingylfspatial' multiply defined.


LaTeX Warning: Label `fig:simpleylfspatial' multiply defined.

)
\openout1 = `report.aux'.

LaTeX Font Info:    Checking defaults for OML/cmm/m/it on input line 38.
LaTeX Font Info:    ... okay on input line 38.
LaTeX Font Info:    Checking defaults for T1/cmr/m/n on input line 38.
LaTeX Font Info:    ... okay on input line 38.
LaTeX Font Info:    Checking defaults for OT1/cmr/m/n on input line 38.
LaTeX Font Info:    ... okay on input line 38.
LaTeX Font Info:    Checking defaults for OMS/cmsy/m/n on input line 38.
LaTeX Font Info:    ... okay on input line 38.
LaTeX Font Info:    Checking defaults for OMX/cmex/m/n on input line 38.
LaTeX Font Info:    ... okay on input line 38.
LaTeX Font Info:    Checking defaults for U/cmr/m/n on input line 38.
LaTeX Font Info:    ... okay on input line 38.
 (/usr/share/texlive/texmf-dist/tex/latex/ucs/ucsencs.def
File: ucsencs.def 2011/01/21 Fixes to fontencodings LGR, T3
)
(/usr/share/texlive/texmf-dist/tex/context/base/mkii/supp-pdf.mkii
[Loading MPS to PDF converter (version 2006.09.02).]
\scratchcounter=\count135
\scratchdimen=\dimen172
\scratchbox=\box42
\nofMPsegments=\count136
\nofMParguments=\count137
\everyMPshowfont=\toks41
\MPscratchCnt=\count138
\MPscratchDim=\dimen173
\MPnumerator=\count139
\makeMPintoPDFobject=\count140
\everyMPtoPDFconversion=\toks42
) (/usr/share/texlive/texmf-dist/tex/latex/oberdiek/epstopdf-base.sty
Package: epstopdf-base 2016/05/15 v2.6 Base part for package epstopdf

(/usr/share/texlive/texmf-dist/tex/generic/oberdiek/infwarerr.sty
Package: infwarerr 2016/05/16 v1.4 Providing info/warning/error messages (HO)
)
(/usr/share/texlive/texmf-dist/tex/latex/oberdiek/grfext.sty
Package: grfext 2016/05/16 v1.2 Manage graphics extensions (HO)

(/usr/share/texlive/texmf-dist/tex/generic/oberdiek/kvdefinekeys.sty
Package: kvdefinekeys 2016/05/16 v1.4 Define keys (HO)

(/usr/share/texlive/texmf-dist/tex/generic/oberdiek/ltxcmds.sty
Package: ltxcmds 2016/05/16 v1.23 LaTeX kernel commands for general use (HO)
)))
(/usr/share/texlive/texmf-dist/tex/latex/oberdiek/kvoptions.sty
Package: kvoptions 2016/05/16 v3.12 Key value format for package options (HO)

(/usr/share/texlive/texmf-dist/tex/generic/oberdiek/kvsetkeys.sty
Package: kvsetkeys 2016/05/16 v1.17 Key value parser (HO)

(/usr/share/texlive/texmf-dist/tex/generic/oberdiek/etexcmds.sty
Package: etexcmds 2016/05/16 v1.6 Avoid name clashes with e-TeX commands (HO)

(/usr/share/texlive/texmf-dist/tex/generic/oberdiek/ifluatex.sty
Package: ifluatex 2016/05/16 v1.4 Provides the ifluatex switch (HO)
Package ifluatex Info: LuaTeX not detected.
)
Package etexcmds Info: Could not find \expanded.
(etexcmds)             That can mean that you are not using pdfTeX 1.50 or
(etexcmds)             that some package has redefined \expanded.
(etexcmds)             In the latter case, load this package earlier.
)))
(/usr/share/texlive/texmf-dist/tex/generic/oberdiek/pdftexcmds.sty
Package: pdftexcmds 2018/01/21 v0.26 Utility functions of pdfTeX for LuaTeX (HO
)

(/usr/share/texlive/texmf-dist/tex/generic/oberdiek/ifpdf.sty
Package: ifpdf 2017/03/15 v3.2 Provides the ifpdf switch
)
Package pdftexcmds Info: LuaTeX not detected.
Package pdftexcmds Info: \pdf@primitive is available.
Package pdftexcmds Info: \pdf@ifprimitive is available.
Package pdftexcmds Info: \pdfdraftmode found.
)
Package epstopdf-base Info: Redefining graphics rule for `.eps' on input line 4
38.
Package grfext Info: Graphics extension search list:
(grfext)             [.pdf,.png,.jpg,.mps,.jpeg,.jbig2,.jb2,.PDF,.PNG,.JPG,.JPE
G,.JBIG2,.JB2,.eps]
(grfext)             \AppendGraphicsExtensions on input line 456.

(/usr/share/texlive/texmf-dist/tex/latex/latexconfig/epstopdf-sys.cfg
File: epstopdf-sys.cfg 2010/07/13 v1.3 Configuration of (r)epstopdf for TeX Liv
e
))
ABD: EveryShipout initializing macros
\c@lstlisting=\count141
<images/standrewslogo.png, id=4, 185.19188pt x 225.84375pt>
File: images/standrewslogo.png Graphic file (type png)
<use images/standrewslogo.png>
Package pdftex.def Info: images/standrewslogo.png  used on input line 80.
(pdftex.def)             Requested size: 88.2037pt x 107.56636pt.
 [1

{/var/lib/texmf/fonts/map/pdftex/updmap/pdftex.map} <./images/standrewslogo.png
>]
LaTeX Font Info:    Try loading font information for OMS+cmr on input line 90.

(/usr/share/texlive/texmf-dist/tex/latex/base/omscmr.fd
File: omscmr.fd 2014/09/29 v2.5h Standard LaTeX font definitions
)
LaTeX Font Info:    Font shape `OMS/cmr/m/n' in size <8> not available
(Font)              Font shape `OMS/cmsy/m/n' tried instead on input line 90.
<images/colourful.jpg, id=16, 1027.84pt x 770.88pt>
File: images/colourful.jpg Graphic file (type jpg)
<use images/colourful.jpg>
Package pdftex.def Info: images/colourful.jpg  used on input line 97.
(pdftex.def)             Requested size: 390.0pt x 292.50223pt.
<images/drawing.png, id=17, 778.545pt x 552.975pt>
File: images/drawing.png Graphic file (type png)
<use images/drawing.png>
Package pdftex.def Info: images/drawing.png  used on input line 103.
(pdftex.def)             Requested size: 390.0pt x 277.00153pt.
<images/simple.jpg, id=18, 1027.84pt x 770.88pt>
File: images/simple.jpg Graphic file (type jpg)
<use images/simple.jpg>
Package pdftex.def Info: images/simple.jpg  used on input line 109.
(pdftex.def)             Requested size: 390.0pt x 292.50223pt.
 [1 <./images/colourful.jpg>] [2 <./images/drawing.png>] [3 <./images/simple.jp
g>]
<images/task1/colourfulr.png, id=31, 918.3108pt x 646.5756pt>
File: images/task1/colourfulr.png Graphic file (type png)
<use images/task1/colourfulr.png>
Package pdftex.def Info: images/task1/colourfulr.png  used on input line 124.
(pdftex.def)             Requested size: 390.0pt x 274.5986pt.
<images/task1/colourfulg.png, id=32, 918.3108pt x 646.5756pt>
File: images/task1/colourfulg.png Graphic file (type png)
<use images/task1/colourfulg.png>
Package pdftex.def Info: images/task1/colourfulg.png  used on input line 130.
(pdftex.def)             Requested size: 390.0pt x 274.5986pt.


LaTeX Warning: `h' float specifier changed to `ht'.

<images/task1/colourfulb.png, id=33, 918.3108pt x 646.5756pt>
File: images/task1/colourfulb.png Graphic file (type png)
<use images/task1/colourfulb.png>
Package pdftex.def Info: images/task1/colourfulb.png  used on input line 136.
(pdftex.def)             Requested size: 390.0pt x 274.5986pt.

LaTeX Warning: `h' float specifier changed to `ht'.

<images/task1/simpler.png, id=34, 911.0838pt x 646.5756pt>
File: images/task1/simpler.png Graphic file (type png)
<use images/task1/simpler.png>
Package pdftex.def Info: images/task1/simpler.png  used on input line 144.
(pdftex.def)             Requested size: 390.0pt x 276.77898pt.

LaTeX Warning: `h' float specifier changed to `ht'.

<images/task1/simpleg.png, id=35, 903.375pt x 646.5756pt>
File: images/task1/simpleg.png Graphic file (type png)
<use images/task1/simpleg.png>
Package pdftex.def Info: images/task1/simpleg.png  used on input line 150.
(pdftex.def)             Requested size: 390.0pt x 279.13693pt.

LaTeX Warning: `h' float specifier changed to `ht'.

<images/task1/simpleb.png, id=36, 911.0838pt x 646.5756pt>
File: images/task1/simpleb.png Graphic file (type png)
<use images/task1/simpleb.png>
Package pdftex.def Info: images/task1/simpleb.png  used on input line 156.
(pdftex.def)             Requested size: 390.0pt x 276.77898pt.

LaTeX Warning: `h' float specifier changed to `ht'.

[4

 <./images/task1/colourfulr.png (PNG copy)>]
<images/task1/drawingr.png, id=40, 675.4836pt x 448.5558pt>
File: images/task1/drawingr.png Graphic file (type png)
<use images/task1/drawingr.png>
Package pdftex.def Info: images/task1/drawingr.png  used on input line 164.
(pdftex.def)             Requested size: 390.0pt x 258.97845pt.


LaTeX Warning: `h' float specifier changed to `ht'.

<images/task1/drawingg.png, id=41, 667.7748pt x 448.5558pt>
File: images/task1/drawingg.png Graphic file (type png)
<use images/task1/drawingg.png>
Package pdftex.def Info: images/task1/drawingg.png  used on input line 170.
(pdftex.def)             Requested size: 390.0pt x 261.9763pt.

LaTeX Warning: `h' float specifier changed to `ht'.

<images/task1/drawingb.png, id=42, 675.4836pt x 448.5558pt>
File: images/task1/drawingb.png Graphic file (type png)
<use images/task1/drawingb.png>
Package pdftex.def Info: images/task1/drawingb.png  used on input line 176.
(pdftex.def)             Requested size: 390.0pt x 258.97845pt.

LaTeX Warning: `h' float specifier changed to `ht'.


Package natbib Warning: Citation `jpegformatspec' on page 5 undefined on input 
line 184.

[5 <./images/task1/colourfulg.png (PNG copy)>]

Package natbib Warning: Citation `helmberg_1994' on page 6 undefined on input l
ine 202.


Package natbib Warning: Citation `matlabrgb2ycbcr' on page 6 undefined on input
 line 202.

[6 <./images/task1/colourfulb.png (PNG copy)>]

LaTeX Warning: File `images/gibbs.pdf' not found on input line 205.


! Package pdftex.def Error: File `images/gibbs.pdf' not found: using draft sett
ing.

See the pdftex.def package documentation for explanation.
Type  H <return>  for immediate help.
 ...                                              
                                                  
l.205 ...phics[width=\linewidth]{images/gibbs.pdf}
                                                  
Try typing  <return>  to proceed.
If that doesn't work, type  X <return>  to quit.


Package natbib Warning: Citation `gibbs' on page 7 undefined on input line 206.



LaTeX Warning: `h' float specifier changed to `ht'.

[7 <./images/task1/simpler.png (PNG copy)>]
<images/task2/colourfulcustom.png, id=55, 421.575pt x 316.0608pt>
File: images/task2/colourfulcustom.png Graphic file (type png)
<use images/task2/colourfulcustom.png>
Package pdftex.def Info: images/task2/colourfulcustom.png  used on input line 2
13.
(pdftex.def)             Requested size: 390.0pt x 292.39507pt.


LaTeX Warning: `h' float specifier changed to `ht'.

<images/task2/drawingcustom.png, id=56, 429.2838pt x 316.0608pt>
File: images/task2/drawingcustom.png Graphic file (type png)
<use images/task2/drawingcustom.png>
Package pdftex.def Info: images/task2/drawingcustom.png  used on input line 219
.
(pdftex.def)             Requested size: 390.0pt x 287.13834pt.

LaTeX Warning: `h' float specifier changed to `ht'.

<images/task2/simplecustom.png, id=57, 429.2838pt x 316.0608pt>
File: images/task2/simplecustom.png Graphic file (type png)
<use images/task2/simplecustom.png>
Package pdftex.def Info: images/task2/simplecustom.png  used on input line 225.

(pdftex.def)             Requested size: 390.0pt x 287.13834pt.

LaTeX Warning: `h' float specifier changed to `ht'.

<images/task2/colourfuly.png, id=58, 918.3108pt x 646.5756pt>
File: images/task2/colourfuly.png Graphic file (type png)
<use images/task2/colourfuly.png>
Package pdftex.def Info: images/task2/colourfuly.png  used on input line 235.
(pdftex.def)             Requested size: 390.0pt x 274.5986pt.

LaTeX Warning: `h' float specifier changed to `ht'.

<images/task2/colourfulcb.png, id=59, 911.0838pt x 646.5756pt>
File: images/task2/colourfulcb.png Graphic file (type png)
<use images/task2/colourfulcb.png>
Package pdftex.def Info: images/task2/colourfulcb.png  used on input line 241.
(pdftex.def)             Requested size: 390.0pt x 276.77898pt.

LaTeX Warning: `h' float specifier changed to `ht'.

<images/task2/colourfulcr.png, id=60, 911.0838pt x 646.5756pt>
File: images/task2/colourfulcr.png Graphic file (type png)
<use images/task2/colourfulcr.png>
Package pdftex.def Info: images/task2/colourfulcr.png  used on input line 247.
(pdftex.def)             Requested size: 390.0pt x 276.77898pt.

LaTeX Warning: `h' float specifier changed to `ht'.

<images/task2/drawingy.png, id=61, 675.4836pt x 448.5558pt>
File: images/task2/drawingy.png Graphic file (type png)
<use images/task2/drawingy.png>
Package pdftex.def Info: images/task2/drawingy.png  used on input line 253.
(pdftex.def)             Requested size: 390.0pt x 258.97845pt.

LaTeX Warning: `h' float specifier changed to `ht'.

<images/task2/drawingcb.png, id=62, 675.4836pt x 448.5558pt>
File: images/task2/drawingcb.png Graphic file (type png)
<use images/task2/drawingcb.png>
Package pdftex.def Info: images/task2/drawingcb.png  used on input line 259.
(pdftex.def)             Requested size: 390.0pt x 258.97845pt.

LaTeX Warning: `h' float specifier changed to `ht'.

<images/task2/drawingcr.png, id=63, 682.7106pt x 448.5558pt>
File: images/task2/drawingcr.png Graphic file (type png)
<use images/task2/drawingcr.png>
Package pdftex.def Info: images/task2/drawingcr.png  used on input line 265.
(pdftex.def)             Requested size: 390.0pt x 256.24069pt.

LaTeX Warning: `h' float specifier changed to `ht'.

<images/task2/simpley.png, id=64, 918.3108pt x 646.5756pt>
File: images/task2/simpley.png Graphic file (type png)
<use images/task2/simpley.png>
Package pdftex.def Info: images/task2/simpley.png  used on input line 271.
(pdftex.def)             Requested size: 390.0pt x 274.5986pt.

LaTeX Warning: `h' float specifier changed to `ht'.

<images/task2/simplecb.png, id=65, 918.3108pt x 646.5756pt>
File: images/task2/simplecb.png Graphic file (type png)
<use images/task2/simplecb.png>
Package pdftex.def Info: images/task2/simplecb.png  used on input line 277.
(pdftex.def)             Requested size: 390.0pt x 274.5986pt.

LaTeX Warning: `h' float specifier changed to `ht'.

<images/task2/simplecr.png, id=66, 911.0838pt x 646.5756pt>
File: images/task2/simplecr.png Graphic file (type png)
<use images/task2/simplecr.png>
Package pdftex.def Info: images/task2/simplecr.png  used on input line 283.
(pdftex.def)             Requested size: 390.0pt x 276.77898pt.

LaTeX Warning: `h' float specifier changed to `ht'.

[8 <./images/task1/simpleg.png (PNG copy)>] [9 <./images/task1/simpleb.png (PNG
 copy)>]

LaTeX Warning: Reference `fig:colorfulsub' on page 10 undefined on input line 3
02.


LaTeX Warning: Reference `colorfulsub' on page 10 undefined on input line 304.

[10 <./images/task1/drawingr.png (PNG copy)>]
<images/task3/colourfulsub.png, id=76, 918.3108pt x 646.5756pt>
File: images/task3/colourfulsub.png Graphic file (type png)
<use images/task3/colourfulsub.png>
Package pdftex.def Info: images/task3/colourfulsub.png  used on input line 307.

(pdftex.def)             Requested size: 390.0pt x 274.5986pt.


LaTeX Warning: `h' float specifier changed to `ht'.

<images/task3/colourfuly.png, id=77, 911.0838pt x 646.5756pt>
File: images/task3/colourfuly.png Graphic file (type png)
<use images/task3/colourfuly.png>
Package pdftex.def Info: images/task3/colourfuly.png  used on input line 313.
(pdftex.def)             Requested size: 390.0pt x 276.77898pt.

LaTeX Warning: `h' float specifier changed to `ht'.

<images/task3/colourfulcb.png, id=78, 918.3108pt x 646.5756pt>
File: images/task3/colourfulcb.png Graphic file (type png)
<use images/task3/colourfulcb.png>
Package pdftex.def Info: images/task3/colourfulcb.png  used on input line 319.
(pdftex.def)             Requested size: 390.0pt x 274.5986pt.

LaTeX Warning: `h' float specifier changed to `ht'.

<images/task3/colourfulcr.png, id=79, 911.0838pt x 646.5756pt>
File: images/task3/colourfulcr.png Graphic file (type png)
<use images/task3/colourfulcr.png>
Package pdftex.def Info: images/task3/colourfulcr.png  used on input line 325.
(pdftex.def)             Requested size: 390.0pt x 276.77898pt.

LaTeX Warning: `h' float specifier changed to `ht'.


LaTeX Warning: File `images/task3/colourfulff.png' not found on input line 331.



! Package pdftex.def Error: File `images/task3/colourfulff.png' not found: usin
g draft setting.

See the pdftex.def package documentation for explanation.
Type  H <return>  for immediate help.
 ...                                              
                                                  
l.331 ...\linewidth]{images/task3/colourfulff.png}
                                                  
Try typing  <return>  to proceed.
If that doesn't work, type  X <return>  to quit.


LaTeX Warning: Reference `fig:colorfulsub' on page 11 undefined on input line 3
32.


LaTeX Warning: `h' float specifier changed to `ht'.

<images/task3/drawingsub.png, id=80, 670.1838pt x 448.074pt>
File: images/task3/drawingsub.png Graphic file (type png)
<use images/task3/drawingsub.png>
Package pdftex.def Info: images/task3/drawingsub.png  used on input line 339.
(pdftex.def)             Requested size: 390.0pt x 260.75139pt.

LaTeX Warning: `h' float specifier changed to `ht'.

<images/task3/drawingy.png, id=81, 670.1838pt x 448.074pt>
File: images/task3/drawingy.png Graphic file (type png)
<use images/task3/drawingy.png>
Package pdftex.def Info: images/task3/drawingy.png  used on input line 345.
(pdftex.def)             Requested size: 390.0pt x 260.75139pt.

LaTeX Warning: `h' float specifier changed to `ht'.

<images/task3/drawingcb.png, id=82, 677.4108pt x 448.074pt>
File: images/task3/drawingcb.png Graphic file (type png)
<use images/task3/drawingcb.png>
Package pdftex.def Info: images/task3/drawingcb.png  used on input line 351.
(pdftex.def)             Requested size: 390.0pt x 257.96188pt.

LaTeX Warning: `h' float specifier changed to `ht'.

<images/task3/drawingcr.png, id=83, 670.1838pt x 448.074pt>
File: images/task3/drawingcr.png Graphic file (type png)
<use images/task3/drawingcr.png>
Package pdftex.def Info: images/task3/drawingcr.png  used on input line 357.
(pdftex.def)             Requested size: 390.0pt x 260.75139pt.

LaTeX Warning: `h' float specifier changed to `ht'.

<images/task3/drawingdiff.png, id=84, 670.1838pt x 448.074pt>
File: images/task3/drawingdiff.png Graphic file (type png)
<use images/task3/drawingdiff.png>
Package pdftex.def Info: images/task3/drawingdiff.png  used on input line 363.
(pdftex.def)             Requested size: 390.0pt x 260.75139pt.

LaTeX Warning: `h' float specifier changed to `ht'.

<images/task3/simplesub.png, id=85, 911.0838pt x 646.5756pt>
File: images/task3/simplesub.png Graphic file (type png)
<use images/task3/simplesub.png>
Package pdftex.def Info: images/task3/simplesub.png  used on input line 371.
(pdftex.def)             Requested size: 390.0pt x 276.77898pt.

LaTeX Warning: `h' float specifier changed to `ht'.

<images/task3/simpley.png, id=86, 918.3108pt x 646.5756pt>
File: images/task3/simpley.png Graphic file (type png)
<use images/task3/simpley.png>
Package pdftex.def Info: images/task3/simpley.png  used on input line 377.
(pdftex.def)             Requested size: 390.0pt x 274.5986pt.

LaTeX Warning: `h' float specifier changed to `ht'.

<images/task3/simplecb.png, id=87, 911.0838pt x 646.5756pt>
File: images/task3/simplecb.png Graphic file (type png)
<use images/task3/simplecb.png>
Package pdftex.def Info: images/task3/simplecb.png  used on input line 383.
(pdftex.def)             Requested size: 390.0pt x 276.77898pt.

LaTeX Warning: `h' float specifier changed to `ht'.

<images/task3/simplecr.png, id=88, 918.3108pt x 646.5756pt>
File: images/task3/simplecr.png Graphic file (type png)
<use images/task3/simplecr.png>
Package pdftex.def Info: images/task3/simplecr.png  used on input line 389.
(pdftex.def)             Requested size: 390.0pt x 274.5986pt.

LaTeX Warning: `h' float specifier changed to `ht'.

<images/task3/simplediff.png, id=89, 911.0838pt x 646.5756pt>
File: images/task3/simplediff.png Graphic file (type png)
<use images/task3/simplediff.png>
Package pdftex.def Info: images/task3/simplediff.png  used on input line 395.
(pdftex.def)             Requested size: 390.0pt x 276.77898pt.

LaTeX Warning: `h' float specifier changed to `ht'.

[11 <./images/task1/drawingg.png (PNG copy)>]
<images/task4/colourfuly.png, id=93, 911.0838pt x 646.5756pt>
File: images/task4/colourfuly.png Graphic file (type png)
<use images/task4/colourfuly.png>
Package pdftex.def Info: images/task4/colourfuly.png  used on input line 407.
(pdftex.def)             Requested size: 390.0pt x 276.77898pt.
 [12 <./images/task1/drawingb.png (PNG copy)>]

LaTeX Warning: `h' float specifier changed to `ht'.

<images/task4/colourfulcb.png, id=98, 911.0838pt x 646.5756pt>
File: images/task4/colourfulcb.png Graphic file (type png)
<use images/task4/colourfulcb.png>
Package pdftex.def Info: images/task4/colourfulcb.png  used on input line 413.
(pdftex.def)             Requested size: 390.0pt x 276.77898pt.

LaTeX Warning: `h' float specifier changed to `ht'.

<images/task4/colourfulcr.png, id=99, 918.3108pt x 646.5756pt>
File: images/task4/colourfulcr.png Graphic file (type png)
<use images/task4/colourfulcr.png>
Package pdftex.def Info: images/task4/colourfulcr.png  used on input line 419.
(pdftex.def)             Requested size: 390.0pt x 274.5986pt.

LaTeX Warning: `h' float specifier changed to `ht'.

<images/task4/colourfullf.png, id=100, 911.0838pt x 646.5756pt>
File: images/task4/colourfullf.png Graphic file (type png)
<use images/task4/colourfullf.png>
Package pdftex.def Info: images/task4/colourfullf.png  used on input line 425.
(pdftex.def)             Requested size: 390.0pt x 276.77898pt.

LaTeX Warning: `h' float specifier changed to `ht'.

<images/task4/colourfulhf.png, id=101, 911.0838pt x 646.5756pt>
File: images/task4/colourfulhf.png Graphic file (type png)
<use images/task4/colourfulhf.png>
Package pdftex.def Info: images/task4/colourfulhf.png  used on input line 431.
(pdftex.def)             Requested size: 390.0pt x 276.77898pt.

LaTeX Warning: `h' float specifier changed to `ht'.

<images/task4/drawingy.png, id=102, 675.4836pt x 448.5558pt>
File: images/task4/drawingy.png Graphic file (type png)
<use images/task4/drawingy.png>
Package pdftex.def Info: images/task4/drawingy.png  used on input line 441.
(pdftex.def)             Requested size: 390.0pt x 258.97845pt.

LaTeX Warning: `h' float specifier changed to `ht'.

<images/task4/drawingcb.png, id=103, 675.4836pt x 448.5558pt>
File: images/task4/drawingcb.png Graphic file (type png)
<use images/task4/drawingcb.png>
Package pdftex.def Info: images/task4/drawingcb.png  used on input line 447.
(pdftex.def)             Requested size: 390.0pt x 258.97845pt.

LaTeX Warning: `h' float specifier changed to `ht'.

<images/task4/drawingcr.png, id=104, 682.7106pt x 448.5558pt>
File: images/task4/drawingcr.png Graphic file (type png)
<use images/task4/drawingcr.png>
Package pdftex.def Info: images/task4/drawingcr.png  used on input line 453.
(pdftex.def)             Requested size: 390.0pt x 256.24069pt.

LaTeX Warning: `h' float specifier changed to `ht'.

<images/task4/drawinglf.png, id=105, 675.4836pt x 448.5558pt>
File: images/task4/drawinglf.png Graphic file (type png)
<use images/task4/drawinglf.png>
Package pdftex.def Info: images/task4/drawinglf.png  used on input line 459.
(pdftex.def)             Requested size: 390.0pt x 258.97845pt.

LaTeX Warning: `h' float specifier changed to `ht'.

<images/task4/drawinghf.png, id=106, 675.4836pt x 448.5558pt>
File: images/task4/drawinghf.png Graphic file (type png)
<use images/task4/drawinghf.png>
Package pdftex.def Info: images/task4/drawinghf.png  used on input line 465.
(pdftex.def)             Requested size: 390.0pt x 258.97845pt.

LaTeX Warning: `h' float specifier changed to `ht'.

<images/task4/simpley.png, id=107, 918.3108pt x 646.5756pt>
File: images/task4/simpley.png Graphic file (type png)
<use images/task4/simpley.png>
Package pdftex.def Info: images/task4/simpley.png  used on input line 473.
(pdftex.def)             Requested size: 390.0pt x 274.5986pt.

LaTeX Warning: `h' float specifier changed to `ht'.

<images/task4/simplecb.png, id=108, 911.0838pt x 646.5756pt>
File: images/task4/simplecb.png Graphic file (type png)
<use images/task4/simplecb.png>
Package pdftex.def Info: images/task4/simplecb.png  used on input line 479.
(pdftex.def)             Requested size: 390.0pt x 276.77898pt.

LaTeX Warning: `h' float specifier changed to `ht'.

<images/task4/simplecr.png, id=109, 911.0838pt x 646.5756pt>
File: images/task4/simplecr.png Graphic file (type png)
<use images/task4/simplecr.png>
Package pdftex.def Info: images/task4/simplecr.png  used on input line 485.
(pdftex.def)             Requested size: 390.0pt x 276.77898pt.

LaTeX Warning: `h' float specifier changed to `ht'.

<images/task4/simplelf.png, id=110, 911.0838pt x 646.5756pt>
File: images/task4/simplelf.png Graphic file (type png)
<use images/task4/simplelf.png>
Package pdftex.def Info: images/task4/simplelf.png  used on input line 491.
(pdftex.def)             Requested size: 390.0pt x 276.77898pt.

LaTeX Warning: `h' float specifier changed to `ht'.

<images/task4/simplehf.png, id=111, 911.0838pt x 646.5756pt>
File: images/task4/simplehf.png Graphic file (type png)
<use images/task4/simplehf.png>
Package pdftex.def Info: images/task4/simplehf.png  used on input line 497.
(pdftex.def)             Requested size: 390.0pt x 276.77898pt.

LaTeX Warning: `h' float specifier changed to `ht'.

[13] (./report.bbl
Underfull \hbox (badness 1147) in paragraph at lines 4--7
[]\OT1/cmr/m/n/12 Matlab doc-u-men-ta-tion.  $\OT1/cmtt/m/n/12 https : / / uk .
 mathworks . com / help / matlab /
 []

)

Package natbib Warning: There were undefined citations.

[14] [15] [16 <./images/task2/colourfulcustom.png (PNG copy)>] [17 <./images/ta
sk2/drawingcustom.png (PNG copy)>] [18 <./images/task2/simplecustom.png (PNG co
py)>] [19 <./images/task2/colourfuly.png (PNG copy)>] [20 <./images/task2/colou
rfulcb.png (PNG copy)>] [21 <./images/task2/colourfulcr.png (PNG copy)>]
[22 <./images/task2/drawingy.png (PNG copy)>] [23 <./images/task2/drawingcb.png
 (PNG copy)>] [24 <./images/task2/drawingcr.png (PNG copy)>] [25 <./images/task
2/simpley.png (PNG copy)>] [26 <./images/task2/simplecb.png (PNG copy)>]
[27 <./images/task2/simplecr.png (PNG copy)>] [28 <./images/task3/colourfulsub.
png (PNG copy)>] [29 <./images/task3/colourfuly.png (PNG copy)>] [30 <./images/
task3/colourfulcb.png (PNG copy)>] [31 <./images/task3/colourfulcr.png (PNG cop
y)>] [32] [33 <./images/task3/drawingsub.png (PNG copy)>] [34 <./images/task3/d
rawingy.png (PNG copy)>] [35 <./images/task3/drawingcb.png (PNG copy)>]
[36 <./images/task3/drawingcr.png (PNG copy)>] [37 <./images/task3/drawingdiff.
png (PNG copy)>] [38 <./images/task3/simplesub.png (PNG copy)>] [39 <./images/t
ask3/simpley.png (PNG copy)>] [40 <./images/task3/simplecb.png (PNG copy)>]
[41 <./images/task3/simplecr.png (PNG copy)>] [42 <./images/task3/simplediff.pn
g (PNG copy)>] [43 <./images/task4/colourfuly.png (PNG copy)>] [44 <./images/ta
sk4/colourfulcb.png (PNG copy)>] [45 <./images/task4/colourfulcr.png (PNG copy)
>] [46 <./images/task4/colourfullf.png (PNG copy)>] [47 <./images/task4/colourf
ulhf.png (PNG copy)>] [48 <./images/task4/drawingy.png (PNG copy)>] [49 <./imag
es/task4/drawingcb.png (PNG copy)>] [50 <./images/task4/drawingcr.png (PNG copy
)>] [51 <./images/task4/drawinglf.png (PNG copy)>] [52 <./images/task4/drawingh
f.png (PNG copy)>] [53 <./images/task4/simpley.png (PNG copy)>] [54 <./images/t
ask4/simplecb.png (PNG copy)>] [55 <./images/task4/simplecr.png (PNG copy)>]
[56 <./images/task4/simplelf.png (PNG copy)>] [57 <./images/task4/simplehf.png 
(PNG copy)>] (./report.aux)

LaTeX Warning: There were undefined references.


LaTeX Warning: There were multiply-defined labels.

 ) 
Here is how much of TeX's memory you used:
 15579 strings out of 494880
 296395 string characters out of 6179601
 353756 words of memory out of 5000000
 18551 multiletter control sequences out of 15000+600000
 11161 words of font info for 40 fonts, out of 8000000 for 9000
 36 hyphenation exceptions out of 8191
 62i,14n,56p,945b,286s stack positions out of 5000i,500n,10000p,200000b,80000s
</usr/share/texlive/texmf-dist/fonts/type1/public/amsfonts/cm/cmbx12.pfb></us
r/share/texlive/texmf-dist/fonts/type1/public/amsfonts/cm/cmcsc10.pfb></usr/sha
re/texlive/texmf-dist/fonts/type1/public/amsfonts/cm/cmmi12.pfb></usr/share/tex
live/texmf-dist/fonts/type1/public/amsfonts/cm/cmr12.pfb></usr/share/texlive/te
xmf-dist/fonts/type1/public/amsfonts/cm/cmr6.pfb></usr/share/texlive/texmf-dist
/fonts/type1/public/amsfonts/cm/cmsy10.pfb></usr/share/texlive/texmf-dist/fonts
/type1/public/amsfonts/cm/cmsy8.pfb></usr/share/texlive/texmf-dist/fonts/type1/
public/amsfonts/cm/cmti12.pfb></usr/share/texlive/texmf-dist/fonts/type1/public
/amsfonts/cm/cmtt12.pfb>
Output written on report.pdf (58 pages, 21360582 bytes).
PDF statistics:
 288 PDF objects out of 1000 (max. 8388607)
 161 compressed objects within 2 object streams
 0 named destinations out of 1000 (max. 500000)
 283 words of extra memory for PDF output out of 10000 (max. 10000000)

